../Core/Src/main.c:51:6:push	24	static
../Core/Src/main.c:60:11:pop	16	static
../Core/Src/main.c:126:5:__io_putchar	16	static
../Core/Src/main.c:132:6:HAL_TIM_PeriodElapsedCallback	24	static
../Core/Src/main.c:148:6:Read_Humidity	16	static
../Core/Src/main.c:159:6:Read_Temperature	56	static
../Core/Src/main.c:177:6:Send_Uart	8	static
../Core/Src/main.c:183:6:Display_LCD	8	static
../Core/Src/main.c:196:6:HAL_UART_RxCpltCallback	16	static
../Core/Src/main.c:215:6:Parse_Command	16	static,ignoring_inline_asm
../Core/Src/main.c:233:6:Handle	16	static
../Core/Src/main.c:250:5:main	24	static,ignoring_inline_asm
../Core/Src/main.c:312:6:SystemClock_Config	88	static
../Core/Src/main.c:359:13:MX_ADC1_Init	24	static
../Core/Src/main.c:406:13:MX_ADC2_Init	24	static
../Core/Src/main.c:453:13:MX_I2C1_Init	8	static
../Core/Src/main.c:487:13:MX_TIM1_Init	32	static
../Core/Src/main.c:533:13:MX_USART1_UART_Init	8	static
../Core/Src/main.c:566:13:MX_GPIO_Init	24	static
../Core/Src/main.c:590:6:Error_Handler	4	static,ignoring_inline_asm
