../Core/Src/main.c:50:6:push	24	static
../Core/Src/main.c:59:11:pop	16	static
../Core/Src/main.c:121:5:__io_putchar	16	static
../Core/Src/main.c:127:6:HAL_TIM_PeriodElapsedCallback	24	static
../Core/Src/main.c:143:6:Read_Humidity	16	static
../Core/Src/main.c:154:6:Read_Temperature	16	static
../Core/Src/main.c:165:6:Send_Uart	8	static
../Core/Src/main.c:171:6:Display_LCD	8	static
../Core/Src/main.c:184:6:Handle	16	static
../Core/Src/main.c:201:5:main	24	static,ignoring_inline_asm
../Core/Src/main.c:256:6:SystemClock_Config	88	static
../Core/Src/main.c:303:13:MX_ADC1_Init	24	static
../Core/Src/main.c:350:13:MX_ADC2_Init	24	static
../Core/Src/main.c:397:13:MX_I2C1_Init	8	static
../Core/Src/main.c:431:13:MX_TIM1_Init	32	static
../Core/Src/main.c:477:13:MX_USART1_UART_Init	8	static
../Core/Src/main.c:510:13:MX_GPIO_Init	24	static
../Core/Src/main.c:534:6:Error_Handler	4	static,ignoring_inline_asm
