../Core/Src/main.c:126:5:__io_putchar	16	static
../Core/Src/main.c:132:6:Read_Humidity	24	static
../Core/Src/main.c:146:6:Read_Temperature	64	static
../Core/Src/main.c:166:6:Send_Uart	16	static
../Core/Src/main.c:177:6:Display_LCD	16	static
../Core/Src/main.c:196:6:EDFScheduler	48	static
../Core/Src/main.c:237:5:main	64	static
../Core/Src/main.c:338:6:SystemClock_Config	88	static
../Core/Src/main.c:385:13:MX_ADC1_Init	24	static
../Core/Src/main.c:432:13:MX_ADC2_Init	24	static
../Core/Src/main.c:479:13:MX_I2C1_Init	8	static
../Core/Src/main.c:513:13:MX_TIM2_Init	32	static
../Core/Src/main.c:558:13:MX_USART1_UART_Init	8	static
../Core/Src/main.c:591:13:MX_GPIO_Init	24	static
../Core/Src/main.c:618:6:StartTaskEDF	24	static
../Core/Src/main.c:639:6:StartTaskLCD	24	static
../Core/Src/main.c:660:6:StartTaskUART	24	static
../Core/Src/main.c:681:6:StartTaskHumidity	24	static
../Core/Src/main.c:702:6:StartTaskTemperature	24	static
../Core/Src/main.c:724:6:HAL_TIM_PeriodElapsedCallback	16	static
../Core/Src/main.c:742:6:Error_Handler	4	static,ignoring_inline_asm
