../Core/Src/main.c:131:5:__io_putchar	16	static
../Core/Src/main.c:137:6:Read_Humidity	24	static
../Core/Src/main.c:151:6:Read_Temperature	64	static
../Core/Src/main.c:171:6:Send_Uart	16	static
../Core/Src/main.c:182:6:Display_LCD	16	static
../Core/Src/main.c:201:6:EDFScheduler	48	static
../Core/Src/main.c:236:6:Parse_Command	32	static,ignoring_inline_asm
../Core/Src/main.c:253:6:HAL_UART_RxCpltCallback	16	static
../Core/Src/main.c:279:5:main	64	static
../Core/Src/main.c:381:6:SystemClock_Config	88	static
../Core/Src/main.c:428:13:MX_ADC1_Init	24	static
../Core/Src/main.c:475:13:MX_ADC2_Init	24	static
../Core/Src/main.c:522:13:MX_I2C1_Init	8	static
../Core/Src/main.c:556:13:MX_TIM2_Init	32	static
../Core/Src/main.c:601:13:MX_USART1_UART_Init	8	static
../Core/Src/main.c:634:13:MX_GPIO_Init	24	static
../Core/Src/main.c:661:6:StartTaskEDF	24	static
../Core/Src/main.c:682:6:StartTaskLCD	24	static
../Core/Src/main.c:703:6:StartTaskUART	24	static
../Core/Src/main.c:724:6:StartTaskHumidity	24	static
../Core/Src/main.c:745:6:StartTaskTemperature	24	static
../Core/Src/main.c:767:6:HAL_TIM_PeriodElapsedCallback	16	static
../Core/Src/main.c:785:6:Error_Handler	4	static,ignoring_inline_asm
