../Core/Src/main.c:76:5:__io_putchar	16	static
../Core/Src/main.c:82:6:HAL_TIM_PeriodElapsedCallback	16	static
../Core/Src/main.c:91:6:Read_Humidity	16	static
../Core/Src/main.c:102:6:Read_Temperature	56	static
../Core/Src/main.c:120:6:Send_Uart	8	static
../Core/Src/main.c:126:6:Display_LCD	8	static
../Core/Src/main.c:139:6:Scheduler_Dispatch	8	static
../Core/Src/main.c:195:5:main	16	static
../Core/Src/main.c:246:6:SystemClock_Config	88	static
../Core/Src/main.c:293:13:MX_ADC1_Init	24	static
../Core/Src/main.c:340:13:MX_ADC2_Init	24	static
../Core/Src/main.c:387:13:MX_I2C1_Init	8	static
../Core/Src/main.c:421:13:MX_TIM1_Init	32	static
../Core/Src/main.c:467:13:MX_USART1_UART_Init	8	static
../Core/Src/main.c:500:13:MX_GPIO_Init	40	static
../Core/Src/main.c:536:6:Error_Handler	4	static,ignoring_inline_asm
